// Jest Snapshot v1, https://goo.gl/fbAQLP

exports[`renders snapshot without crashing 1`] = `
<DocumentFragment>
  <h1>
    NO RECIPES
  </h1>
</DocumentFragment>
`;
