// Jest Snapshot v1, https://goo.gl/fbAQLP

exports[`renders snapshot without crashing 1`] = `
<DocumentFragment>
  <h1
    class="RecipeDetails-h1"
  />
</DocumentFragment>
`;
