// Jest Snapshot v1, https://goo.gl/fbAQLP

exports[`renders snapshot without crashing 1`] = `
<DocumentFragment>
  <div
    class="SavourApp"
  >
    <div
      class="Navbar-mobile-menu"
    >
      <p>
        NAV MENU
      </p>
    </div>
    <nav
      class="Navbar"
    >
      <div
        class="Navbar-left-links"
      >
        <a
          href="/"
        >
          SAVOUR
        </a>
      </div>
      <div
        class="Navbar-right-links"
      >
        <a
          href="/login"
        >
          LOG IN
        </a>
        <a
          href="/signup"
        >
          SIGN UP
        </a>
      </div>
    </nav>
  </div>
</DocumentFragment>
`;
