// Jest Snapshot v1, https://goo.gl/fbAQLP

exports[`renders snapshot without crashing 1`] = `
<DocumentFragment>
  <button
    class="ShowHideBtnAndText-button"
  >
    SEE MORE
  </button>
</DocumentFragment>
`;
